﻿
> dev-buddy@0.0.0 build
> tsc -b && vite build

[36mvite v7.3.1 [32mbuilding client environment for production...[36m[39m
transforming...
[32m笨・[39m 3 modules transformed.
node.exe : [31m笨・[39m 
Build failed in 412ms
発生場所 行:1 文字:1
+ & "C:\Program Files\n
odejs/node.exe" "C:\Pro
gram Files\nodejs/node_
mo ...
+ ~~~~~~~~~~~~~~~~~~~~~
~~~~~~~~~~~~~~~~~~~~~~~
~~~~~~~~~~~~~~~~~~~~~~~
~~
    + CategoryInfo     
         : NotSpecified
: ([3    1m笨・[39m Buil
d failed     in 412ms:S
tring) [], R    emoteEx
ception
    + FullyQualifiedErr
orI    d : NativeComman
dError
 
[31merror during build
:
[31m[vite:css] [postcs
s] It looks like you're
 trying to use `tailwin
dcss` directly as a Pos
tCSS plugin. The PostCS
S plugin has moved to a
 separate package, so t
o continue using Tailwi
nd CSS with PostCSS you
'll need to install `@t
ailwindcss/postcss` and
 update your PostCSS co
nfiguration.[31m
file: [36mC:/Users/hin
ta/.gemini/dev-buddy/sr
c/index.css:undefined:N
aN[31m
    at at (C:\Users\hin
ta\.gemini\dev-buddy\no
de_modules\tailwindcss\
dist\lib.js:38:1643)
    at LazyResult.runOn
Root (C:\Users\hinta\.g
emini\dev-buddy\node_mo
dules\postcss\lib\lazy-
result.js:361:16)
    at LazyResult.runAs
ync (C:\Users\hinta\.ge
mini\dev-buddy\node_mod
ules\postcss\lib\lazy-r
esult.js:290:26)
    at LazyResult.async
 (C:\Users\hinta\.gemin
i\dev-buddy\node_module
s\postcss\lib\lazy-resu
lt.js:192:30)
    at LazyResult.then 
(C:\Users\hinta\.gemini
\dev-buddy\node_modules
\postcss\lib\lazy-resul
t.js:436:17)[39m
